---
source: src/day11.rs
expression: parsed_cosmic_map
snapshot_kind: text
---
CosmicMap {
    entries: [
        [
            Space,
            Space,
            Space,
            Galaxy(
                0,
            ),
            Space,
            Space,
            Space,
            Space,
            Space,
            Space,
        ],
        [
            Space,
            Space,
            Space,
            Space,
            Space,
            Space,
            Space,
            Galaxy(
                1,
            ),
            Space,
            Space,
        ],
        [
            Galaxy(
                2,
            ),
            Space,
            Space,
            Space,
            Space,
            Space,
            Space,
            Space,
            Space,
            Space,
        ],
        [
            Space,
            Space,
            Space,
            Space,
            Space,
            Space,
            Space,
            Space,
            Space,
            Space,
        ],
        [
            Space,
            Space,
            Space,
            Space,
            Space,
            Space,
            Galaxy(
                3,
            ),
            Space,
            Space,
            Space,
        ],
        [
            Space,
            Galaxy(
                4,
            ),
            Space,
            Space,
            Space,
            Space,
            Space,
            Space,
            Space,
            Space,
        ],
        [
            Space,
            Space,
            Space,
            Space,
            Space,
            Space,
            Space,
            Space,
            Space,
            Galaxy(
                5,
            ),
        ],
        [
            Space,
            Space,
            Space,
            Space,
            Space,
            Space,
            Space,
            Space,
            Space,
            Space,
        ],
        [
            Space,
            Space,
            Space,
            Space,
            Space,
            Space,
            Space,
            Galaxy(
                6,
            ),
            Space,
            Space,
        ],
        [
            Galaxy(
                7,
            ),
            Space,
            Space,
            Space,
            Galaxy(
                8,
            ),
            Space,
            Space,
            Space,
            Space,
            Space,
        ],
    ],
}
