---
source: src/day9.rs
expression: sequences
---
[
    [
        10,
        13,
        16,
        21,
        30,
        45,
    ],
    [
        3,
        3,
        5,
        9,
        15,
    ],
    [
        0,
        2,
        4,
        6,
    ],
    [
        2,
        2,
        2,
    ],
    [
        0,
        0,
    ],
]
